build-and-deploy	Set up job	Ôªø2026-01-27T18:56:16.2896170Z Current runner version: '2.331.0'
build-and-deploy	Set up job	2026-01-27T18:56:16.2931120Z ##[group]Runner Image Provisioner
build-and-deploy	Set up job	2026-01-27T18:56:16.2932576Z Hosted Compute Agent
build-and-deploy	Set up job	2026-01-27T18:56:16.2933571Z Version: 20260115.477
build-and-deploy	Set up job	2026-01-27T18:56:16.2934807Z Commit: 4b342d620503cbe250a3154040964899ea7c9b00
build-and-deploy	Set up job	2026-01-27T18:56:16.2935998Z Build Date: 2026-01-15T22:32:41Z
build-and-deploy	Set up job	2026-01-27T18:56:16.2937111Z Worker ID: {33e963b9-73e8-48f1-b671-3f487cf0eb55}
build-and-deploy	Set up job	2026-01-27T18:56:16.2938706Z Azure Region: northcentralus
build-and-deploy	Set up job	2026-01-27T18:56:16.2939715Z ##[endgroup]
build-and-deploy	Set up job	2026-01-27T18:56:16.2941842Z ##[group]Operating System
build-and-deploy	Set up job	2026-01-27T18:56:16.2942962Z Ubuntu
build-and-deploy	Set up job	2026-01-27T18:56:16.2943703Z 24.04.3
build-and-deploy	Set up job	2026-01-27T18:56:16.2944504Z LTS
build-and-deploy	Set up job	2026-01-27T18:56:16.2945578Z ##[endgroup]
build-and-deploy	Set up job	2026-01-27T18:56:16.2946446Z ##[group]Runner Image
build-and-deploy	Set up job	2026-01-27T18:56:16.2947364Z Image: ubuntu-24.04
build-and-deploy	Set up job	2026-01-27T18:56:16.2948597Z Version: 20260119.4.1
build-and-deploy	Set up job	2026-01-27T18:56:16.2950359Z Included Software: https://github.com/actions/runner-images/blob/ubuntu24/20260119.4/images/ubuntu/Ubuntu2404-Readme.md
build-and-deploy	Set up job	2026-01-27T18:56:16.2953758Z Image Release: https://github.com/actions/runner-images/releases/tag/ubuntu24%2F20260119.4
build-and-deploy	Set up job	2026-01-27T18:56:16.2955401Z ##[endgroup]
build-and-deploy	Set up job	2026-01-27T18:56:16.2957503Z ##[group]GITHUB_TOKEN Permissions
build-and-deploy	Set up job	2026-01-27T18:56:16.2960654Z Contents: read
build-and-deploy	Set up job	2026-01-27T18:56:16.2961548Z Metadata: read
build-and-deploy	Set up job	2026-01-27T18:56:16.2962345Z Packages: read
build-and-deploy	Set up job	2026-01-27T18:56:16.2962853Z ##[endgroup]
build-and-deploy	Set up job	2026-01-27T18:56:16.2964760Z Secret source: Actions
build-and-deploy	Set up job	2026-01-27T18:56:16.2965939Z Prepare workflow directory
build-and-deploy	Set up job	2026-01-27T18:56:16.3428728Z Prepare all required actions
build-and-deploy	Set up job	2026-01-27T18:56:16.3482196Z Getting action download info
build-and-deploy	Set up job	2026-01-27T18:56:16.6795513Z Download action repository 'actions/checkout@v4' (SHA:34e114876b0b11c390a56381ad16ebd13914f8d5)
build-and-deploy	Set up job	2026-01-27T18:56:16.7633221Z Download action repository 'actions/setup-python@v5' (SHA:a26af69be951a213d495a4c3e4e4022e16d87065)
build-and-deploy	Set up job	2026-01-27T18:56:16.8468862Z Download action repository 'Azure/functions-action@v1' (SHA:0bd707f87c0b6385742bab336c74e1afc61f6369)
build-and-deploy	Set up job	2026-01-27T18:56:20.2457741Z Complete job name: build-and-deploy
build-and-deploy	Checkout repository	Ôªø2026-01-27T18:56:20.3104142Z ##[group]Run actions/checkout@v4
build-and-deploy	Checkout repository	2026-01-27T18:56:20.3104773Z with:
build-and-deploy	Checkout repository	2026-01-27T18:56:20.3105044Z   repository: costesla/Summit-OS-Web
build-and-deploy	Checkout repository	2026-01-27T18:56:20.3105506Z   token: ***
build-and-deploy	Checkout repository	2026-01-27T18:56:20.3105740Z   ssh-strict: true
build-and-deploy	Checkout repository	2026-01-27T18:56:20.3105968Z   ssh-user: git
build-and-deploy	Checkout repository	2026-01-27T18:56:20.3106206Z   persist-credentials: true
build-and-deploy	Checkout repository	2026-01-27T18:56:20.3106476Z   clean: true
build-and-deploy	Checkout repository	2026-01-27T18:56:20.3106711Z   sparse-checkout-cone-mode: true
build-and-deploy	Checkout repository	2026-01-27T18:56:20.3107001Z   fetch-depth: 1
build-and-deploy	Checkout repository	2026-01-27T18:56:20.3107224Z   fetch-tags: false
build-and-deploy	Checkout repository	2026-01-27T18:56:20.3107464Z   show-progress: true
build-and-deploy	Checkout repository	2026-01-27T18:56:20.3107708Z   lfs: false
build-and-deploy	Checkout repository	2026-01-27T18:56:20.3108148Z   submodules: false
build-and-deploy	Checkout repository	2026-01-27T18:56:20.3108419Z   set-safe-directory: true
build-and-deploy	Checkout repository	2026-01-27T18:56:20.3108925Z env:
build-and-deploy	Checkout repository	2026-01-27T18:56:20.3109176Z   AZURE_FUNCTIONAPP_NAME: summitos-api
build-and-deploy	Checkout repository	2026-01-27T18:56:20.3109504Z   AZURE_FUNCTIONAPP_PACKAGE_PATH: backend
build-and-deploy	Checkout repository	2026-01-27T18:56:20.3109810Z   PYTHON_VERSION: 3.11
build-and-deploy	Checkout repository	2026-01-27T18:56:20.3110074Z ##[endgroup]
build-and-deploy	Checkout repository	2026-01-27T18:56:20.4214620Z Syncing repository: costesla/Summit-OS-Web
build-and-deploy	Checkout repository	2026-01-27T18:56:20.4216097Z ##[group]Getting Git version info
build-and-deploy	Checkout repository	2026-01-27T18:56:20.4216598Z Working directory is '/home/runner/work/Summit-OS-Web/Summit-OS-Web'
build-and-deploy	Checkout repository	2026-01-27T18:56:20.4217383Z [command]/usr/bin/git version
build-and-deploy	Checkout repository	2026-01-27T18:56:20.4282729Z git version 2.52.0
build-and-deploy	Checkout repository	2026-01-27T18:56:20.4309094Z ##[endgroup]
build-and-deploy	Checkout repository	2026-01-27T18:56:20.4324272Z Temporarily overriding HOME='/home/runner/work/_temp/088ac2bd-75f4-4cad-a5a0-88446f5fad3b' before making global git config changes
build-and-deploy	Checkout repository	2026-01-27T18:56:20.4325827Z Adding repository directory to the temporary git global config as a safe directory
build-and-deploy	Checkout repository	2026-01-27T18:56:20.4337530Z [command]/usr/bin/git config --global --add safe.directory /home/runner/work/Summit-OS-Web/Summit-OS-Web
build-and-deploy	Checkout repository	2026-01-27T18:56:20.4374174Z Deleting the contents of '/home/runner/work/Summit-OS-Web/Summit-OS-Web'
build-and-deploy	Checkout repository	2026-01-27T18:56:20.4377779Z ##[group]Initializing the repository
build-and-deploy	Checkout repository	2026-01-27T18:56:20.4382732Z [command]/usr/bin/git init /home/runner/work/Summit-OS-Web/Summit-OS-Web
build-and-deploy	Checkout repository	2026-01-27T18:56:20.4464774Z hint: Using 'master' as the name for the initial branch. This default branch name
build-and-deploy	Checkout repository	2026-01-27T18:56:20.4465711Z hint: will change to "main" in Git 3.0. To configure the initial branch name
build-and-deploy	Checkout repository	2026-01-27T18:56:20.4466274Z hint: to use in all of your new repositories, which will suppress this warning,
build-and-deploy	Checkout repository	2026-01-27T18:56:20.4466688Z hint: call:
build-and-deploy	Checkout repository	2026-01-27T18:56:20.4466900Z hint:
build-and-deploy	Checkout repository	2026-01-27T18:56:20.4467187Z hint: 	git config --global init.defaultBranch <name>
build-and-deploy	Checkout repository	2026-01-27T18:56:20.4467516Z hint:
build-and-deploy	Checkout repository	2026-01-27T18:56:20.4468110Z hint: Names commonly chosen instead of 'master' are 'main', 'trunk' and
build-and-deploy	Checkout repository	2026-01-27T18:56:20.4469036Z hint: 'development'. The just-created branch can be renamed via this command:
build-and-deploy	Checkout repository	2026-01-27T18:56:20.4469714Z hint:
build-and-deploy	Checkout repository	2026-01-27T18:56:20.4470180Z hint: 	git branch -m <name>
build-and-deploy	Checkout repository	2026-01-27T18:56:20.4470683Z hint:
build-and-deploy	Checkout repository	2026-01-27T18:56:20.4471375Z hint: Disable this message with "git config set advice.defaultBranchName false"
build-and-deploy	Checkout repository	2026-01-27T18:56:20.4472588Z Initialized empty Git repository in /home/runner/work/Summit-OS-Web/Summit-OS-Web/.git/
build-and-deploy	Checkout repository	2026-01-27T18:56:20.4481790Z [command]/usr/bin/git remote add origin https://github.com/costesla/Summit-OS-Web
build-and-deploy	Checkout repository	2026-01-27T18:56:20.4513996Z ##[endgroup]
build-and-deploy	Checkout repository	2026-01-27T18:56:20.4514774Z ##[group]Disabling automatic garbage collection
build-and-deploy	Checkout repository	2026-01-27T18:56:20.4519260Z [command]/usr/bin/git config --local gc.auto 0
build-and-deploy	Checkout repository	2026-01-27T18:56:20.4546731Z ##[endgroup]
build-and-deploy	Checkout repository	2026-01-27T18:56:20.4547534Z ##[group]Setting up auth
build-and-deploy	Checkout repository	2026-01-27T18:56:20.4554278Z [command]/usr/bin/git config --local --name-only --get-regexp core\.sshCommand
build-and-deploy	Checkout repository	2026-01-27T18:56:20.4584495Z [command]/usr/bin/git submodule foreach --recursive sh -c "git config --local --name-only --get-regexp 'core\.sshCommand' && git config --local --unset-all 'core.sshCommand' || :"
build-and-deploy	Checkout repository	2026-01-27T18:56:20.4902205Z [command]/usr/bin/git config --local --name-only --get-regexp http\.https\:\/\/github\.com\/\.extraheader
build-and-deploy	Checkout repository	2026-01-27T18:56:20.4929883Z [command]/usr/bin/git submodule foreach --recursive sh -c "git config --local --name-only --get-regexp 'http\.https\:\/\/github\.com\/\.extraheader' && git config --local --unset-all 'http.https://github.com/.extraheader' || :"
build-and-deploy	Checkout repository	2026-01-27T18:56:20.5146274Z [command]/usr/bin/git config --local --name-only --get-regexp ^includeIf\.gitdir:
build-and-deploy	Checkout repository	2026-01-27T18:56:20.5174694Z [command]/usr/bin/git submodule foreach --recursive git config --local --show-origin --name-only --get-regexp remote.origin.url
build-and-deploy	Checkout repository	2026-01-27T18:56:20.5403351Z [command]/usr/bin/git config --local http.https://github.com/.extraheader AUTHORIZATION: basic ***
build-and-deploy	Checkout repository	2026-01-27T18:56:20.5435576Z ##[endgroup]
build-and-deploy	Checkout repository	2026-01-27T18:56:20.5436210Z ##[group]Fetching the repository
build-and-deploy	Checkout repository	2026-01-27T18:56:20.5444481Z [command]/usr/bin/git -c protocol.version=2 fetch --no-tags --prune --no-recurse-submodules --depth=1 origin +8f948faee9138a88fd021bd148716bc00eee6b37:refs/remotes/origin/master
build-and-deploy	Checkout repository	2026-01-27T18:56:20.9308899Z From https://github.com/costesla/Summit-OS-Web
build-and-deploy	Checkout repository	2026-01-27T18:56:20.9348625Z  * [new ref]         8f948faee9138a88fd021bd148716bc00eee6b37 -> origin/master
build-and-deploy	Checkout repository	2026-01-27T18:56:20.9350216Z ##[endgroup]
build-and-deploy	Checkout repository	2026-01-27T18:56:20.9350631Z ##[group]Determining the checkout info
build-and-deploy	Checkout repository	2026-01-27T18:56:20.9352221Z ##[endgroup]
build-and-deploy	Checkout repository	2026-01-27T18:56:20.9357315Z [command]/usr/bin/git sparse-checkout disable
build-and-deploy	Checkout repository	2026-01-27T18:56:20.9396631Z [command]/usr/bin/git config --local --unset-all extensions.worktreeConfig
build-and-deploy	Checkout repository	2026-01-27T18:56:20.9449505Z ##[group]Checking out the ref
build-and-deploy	Checkout repository	2026-01-27T18:56:20.9450057Z [command]/usr/bin/git checkout --progress --force -B master refs/remotes/origin/master
build-and-deploy	Checkout repository	2026-01-27T18:56:20.9718834Z Reset branch 'master'
build-and-deploy	Checkout repository	2026-01-27T18:56:20.9722033Z branch 'master' set up to track 'origin/master'.
build-and-deploy	Checkout repository	2026-01-27T18:56:20.9729803Z ##[endgroup]
build-and-deploy	Checkout repository	2026-01-27T18:56:20.9761939Z [command]/usr/bin/git log -1 --format=%H
build-and-deploy	Checkout repository	2026-01-27T18:56:20.9783080Z 8f948faee9138a88fd021bd148716bc00eee6b37
build-and-deploy	Setup Python version	Ôªø2026-01-27T18:56:21.0012491Z ##[group]Run actions/setup-python@v5
build-and-deploy	Setup Python version	2026-01-27T18:56:21.0012841Z with:
build-and-deploy	Setup Python version	2026-01-27T18:56:21.0013262Z   python-version: 3.11
build-and-deploy	Setup Python version	2026-01-27T18:56:21.0013507Z   check-latest: false
build-and-deploy	Setup Python version	2026-01-27T18:56:21.0013892Z   token: ***
build-and-deploy	Setup Python version	2026-01-27T18:56:21.0014125Z   update-environment: true
build-and-deploy	Setup Python version	2026-01-27T18:56:21.0014389Z   allow-prereleases: false
build-and-deploy	Setup Python version	2026-01-27T18:56:21.0014643Z   freethreaded: false
build-and-deploy	Setup Python version	2026-01-27T18:56:21.0014872Z env:
build-and-deploy	Setup Python version	2026-01-27T18:56:21.0015089Z   AZURE_FUNCTIONAPP_NAME: summitos-api
build-and-deploy	Setup Python version	2026-01-27T18:56:21.0015414Z   AZURE_FUNCTIONAPP_PACKAGE_PATH: backend
build-and-deploy	Setup Python version	2026-01-27T18:56:21.0015717Z   PYTHON_VERSION: 3.11
build-and-deploy	Setup Python version	2026-01-27T18:56:21.0015946Z ##[endgroup]
build-and-deploy	Setup Python version	2026-01-27T18:56:21.1647494Z ##[group]Installed versions
build-and-deploy	Setup Python version	2026-01-27T18:56:21.1734504Z Successfully set up CPython (3.11.14)
build-and-deploy	Setup Python version	2026-01-27T18:56:21.1735221Z ##[endgroup]
build-and-deploy	Create and start virtual environment	Ôªø2026-01-27T18:56:21.1848936Z ##[group]Run python -m venv venv
build-and-deploy	Create and start virtual environment	2026-01-27T18:56:21.1849338Z [36;1mpython -m venv venv[0m
build-and-deploy	Create and start virtual environment	2026-01-27T18:56:21.1849629Z [36;1msource venv/bin/activate[0m
build-and-deploy	Create and start virtual environment	2026-01-27T18:56:21.1891491Z shell: /usr/bin/bash -e {0}
build-and-deploy	Create and start virtual environment	2026-01-27T18:56:21.1891821Z env:
build-and-deploy	Create and start virtual environment	2026-01-27T18:56:21.1892090Z   AZURE_FUNCTIONAPP_NAME: summitos-api
build-and-deploy	Create and start virtual environment	2026-01-27T18:56:21.1892422Z   AZURE_FUNCTIONAPP_PACKAGE_PATH: backend
build-and-deploy	Create and start virtual environment	2026-01-27T18:56:21.1892730Z   PYTHON_VERSION: 3.11
build-and-deploy	Create and start virtual environment	2026-01-27T18:56:21.1893046Z   pythonLocation: /opt/hostedtoolcache/Python/3.11.14/x64
build-and-deploy	Create and start virtual environment	2026-01-27T18:56:21.1893505Z   PKG_CONFIG_PATH: /opt/hostedtoolcache/Python/3.11.14/x64/lib/pkgconfig
build-and-deploy	Create and start virtual environment	2026-01-27T18:56:21.1893970Z   Python_ROOT_DIR: /opt/hostedtoolcache/Python/3.11.14/x64
build-and-deploy	Create and start virtual environment	2026-01-27T18:56:21.1894383Z   Python2_ROOT_DIR: /opt/hostedtoolcache/Python/3.11.14/x64
build-and-deploy	Create and start virtual environment	2026-01-27T18:56:21.1894794Z   Python3_ROOT_DIR: /opt/hostedtoolcache/Python/3.11.14/x64
build-and-deploy	Create and start virtual environment	2026-01-27T18:56:21.1895194Z   LD_LIBRARY_PATH: /opt/hostedtoolcache/Python/3.11.14/x64/lib
build-and-deploy	Create and start virtual environment	2026-01-27T18:56:21.1895537Z ##[endgroup]
build-and-deploy	Install dependencies	Ôªø2026-01-27T18:56:24.8480084Z ##[group]Run pip install -r backend/requirements.txt
build-and-deploy	Install dependencies	2026-01-27T18:56:24.8480562Z [36;1mpip install -r backend/requirements.txt[0m
build-and-deploy	Install dependencies	2026-01-27T18:56:24.8512159Z shell: /usr/bin/bash -e {0}
build-and-deploy	Install dependencies	2026-01-27T18:56:24.8512412Z env:
build-and-deploy	Install dependencies	2026-01-27T18:56:24.8512631Z   AZURE_FUNCTIONAPP_NAME: summitos-api
build-and-deploy	Install dependencies	2026-01-27T18:56:24.8512919Z   AZURE_FUNCTIONAPP_PACKAGE_PATH: backend
build-and-deploy	Install dependencies	2026-01-27T18:56:24.8513176Z   PYTHON_VERSION: 3.11
build-and-deploy	Install dependencies	2026-01-27T18:56:24.8513449Z   pythonLocation: /opt/hostedtoolcache/Python/3.11.14/x64
build-and-deploy	Install dependencies	2026-01-27T18:56:24.8513873Z   PKG_CONFIG_PATH: /opt/hostedtoolcache/Python/3.11.14/x64/lib/pkgconfig
build-and-deploy	Install dependencies	2026-01-27T18:56:24.8514289Z   Python_ROOT_DIR: /opt/hostedtoolcache/Python/3.11.14/x64
build-and-deploy	Install dependencies	2026-01-27T18:56:24.8514654Z   Python2_ROOT_DIR: /opt/hostedtoolcache/Python/3.11.14/x64
build-and-deploy	Install dependencies	2026-01-27T18:56:24.8515022Z   Python3_ROOT_DIR: /opt/hostedtoolcache/Python/3.11.14/x64
build-and-deploy	Install dependencies	2026-01-27T18:56:24.8515387Z   LD_LIBRARY_PATH: /opt/hostedtoolcache/Python/3.11.14/x64/lib
build-and-deploy	Install dependencies	2026-01-27T18:56:24.8515697Z ##[endgroup]
build-and-deploy	Install dependencies	2026-01-27T18:56:25.3988225Z Collecting azure-functions (from -r backend/requirements.txt (line 1))
build-and-deploy	Install dependencies	2026-01-27T18:56:25.4577116Z   Downloading azure_functions-1.24.0-py3-none-any.whl.metadata (7.4 kB)
build-and-deploy	Install dependencies	2026-01-27T18:56:25.4826776Z Collecting azure-storage-blob>=12.19.1 (from -r backend/requirements.txt (line 2))
build-and-deploy	Install dependencies	2026-01-27T18:56:25.4863715Z   Downloading azure_storage_blob-12.28.0-py3-none-any.whl.metadata (26 kB)
build-and-deploy	Install dependencies	2026-01-27T18:56:25.5142806Z Collecting azure-identity>=1.17.0 (from -r backend/requirements.txt (line 3))
build-and-deploy	Install dependencies	2026-01-27T18:56:25.5180559Z   Downloading azure_identity-1.25.1-py3-none-any.whl.metadata (88 kB)
build-and-deploy	Install dependencies	2026-01-27T18:56:25.5533127Z Collecting azure-core>=1.30.0 (from -r backend/requirements.txt (line 4))
build-and-deploy	Install dependencies	2026-01-27T18:56:25.5572993Z   Downloading azure_core-1.38.0-py3-none-any.whl.metadata (47 kB)
build-and-deploy	Install dependencies	2026-01-27T18:56:25.5710418Z Collecting azure-ai-vision-imageanalysis (from -r backend/requirements.txt (line 5))
build-and-deploy	Install dependencies	2026-01-27T18:56:25.5770346Z   Downloading azure_ai_vision_imageanalysis-1.0.0-py3-none-any.whl.metadata (22 kB)
build-and-deploy	Install dependencies	2026-01-27T18:56:25.5959785Z Collecting msrest>=0.7.1 (from -r backend/requirements.txt (line 6))
build-and-deploy	Install dependencies	2026-01-27T18:56:25.6000588Z   Downloading msrest-0.7.1-py3-none-any.whl.metadata (21 kB)
build-and-deploy	Install dependencies	2026-01-27T18:56:25.6341125Z Collecting requests>=2.31.0 (from -r backend/requirements.txt (line 7))
build-and-deploy	Install dependencies	2026-01-27T18:56:25.6380808Z   Downloading requests-2.32.5-py3-none-any.whl.metadata (4.9 kB)
build-and-deploy	Install dependencies	2026-01-27T18:56:25.6929046Z Collecting pyodbc>=4.0.39 (from -r backend/requirements.txt (line 8))
build-and-deploy	Install dependencies	2026-01-27T18:56:25.6997789Z   Downloading pyodbc-5.3.0-cp311-cp311-manylinux2014_x86_64.manylinux_2_17_x86_64.manylinux_2_28_x86_64.whl.metadata (2.7 kB)
build-and-deploy	Install dependencies	2026-01-27T18:56:25.7179482Z Collecting python-dateutil>=2.8.2 (from -r backend/requirements.txt (line 9))
build-and-deploy	Install dependencies	2026-01-27T18:56:25.7216902Z   Downloading python_dateutil-2.9.0.post0-py2.py3-none-any.whl.metadata (8.4 kB)
build-and-deploy	Install dependencies	2026-01-27T18:56:25.7362753Z Collecting googlemaps>=4.10.0 (from -r backend/requirements.txt (line 10))
build-and-deploy	Install dependencies	2026-01-27T18:56:25.7399973Z   Downloading googlemaps-4.10.0.tar.gz (33 kB)
build-and-deploy	Install dependencies	2026-01-27T18:56:25.7515406Z   Installing build dependencies: started
build-and-deploy	Install dependencies	2026-01-27T18:56:26.5115267Z   Installing build dependencies: finished with status 'done'
build-and-deploy	Install dependencies	2026-01-27T18:56:26.5120994Z   Getting requirements to build wheel: started
build-and-deploy	Install dependencies	2026-01-27T18:56:26.7925726Z   Getting requirements to build wheel: finished with status 'done'
build-and-deploy	Install dependencies	2026-01-27T18:56:26.7936625Z   Installing backend dependencies: started
build-and-deploy	Install dependencies	2026-01-27T18:56:27.5845229Z   Installing backend dependencies: finished with status 'done'
build-and-deploy	Install dependencies	2026-01-27T18:56:27.5851464Z   Preparing metadata (pyproject.toml): started
build-and-deploy	Install dependencies	2026-01-27T18:56:27.7706368Z   Preparing metadata (pyproject.toml): finished with status 'done'
build-and-deploy	Install dependencies	2026-01-27T18:56:27.7991725Z Collecting werkzeug~=3.1.3 (from azure-functions->-r backend/requirements.txt (line 1))
build-and-deploy	Install dependencies	2026-01-27T18:56:27.8041399Z   Downloading werkzeug-3.1.5-py3-none-any.whl.metadata (4.0 kB)
build-and-deploy	Install dependencies	2026-01-27T18:56:27.8575901Z Collecting markupsafe>=2.1.1 (from werkzeug~=3.1.3->azure-functions->-r backend/requirements.txt (line 1))
build-and-deploy	Install dependencies	2026-01-27T18:56:27.8615670Z   Downloading markupsafe-3.0.3-cp311-cp311-manylinux2014_x86_64.manylinux_2_17_x86_64.manylinux_2_28_x86_64.whl.metadata (2.7 kB)
build-and-deploy	Install dependencies	2026-01-27T18:56:28.0369276Z Collecting cryptography>=2.1.4 (from azure-storage-blob>=12.19.1->-r backend/requirements.txt (line 2))
build-and-deploy	Install dependencies	2026-01-27T18:56:28.0408308Z   Downloading cryptography-46.0.3-cp311-abi3-manylinux_2_34_x86_64.whl.metadata (5.7 kB)
build-and-deploy	Install dependencies	2026-01-27T18:56:28.0627698Z Collecting typing-extensions>=4.6.0 (from azure-storage-blob>=12.19.1->-r backend/requirements.txt (line 2))
build-and-deploy	Install dependencies	2026-01-27T18:56:28.0663637Z   Downloading typing_extensions-4.15.0-py3-none-any.whl.metadata (3.3 kB)
build-and-deploy	Install dependencies	2026-01-27T18:56:28.0781748Z Collecting isodate>=0.6.1 (from azure-storage-blob>=12.19.1->-r backend/requirements.txt (line 2))
build-and-deploy	Install dependencies	2026-01-27T18:56:28.0819694Z   Downloading isodate-0.7.2-py3-none-any.whl.metadata (11 kB)
build-and-deploy	Install dependencies	2026-01-27T18:56:28.1316178Z Collecting msal>=1.30.0 (from azure-identity>=1.17.0->-r backend/requirements.txt (line 3))
build-and-deploy	Install dependencies	2026-01-27T18:56:28.1353254Z   Downloading msal-1.34.0-py3-none-any.whl.metadata (11 kB)
build-and-deploy	Install dependencies	2026-01-27T18:56:28.1475190Z Collecting msal-extensions>=1.2.0 (from azure-identity>=1.17.0->-r backend/requirements.txt (line 3))
build-and-deploy	Install dependencies	2026-01-27T18:56:28.1512174Z   Downloading msal_extensions-1.3.1-py3-none-any.whl.metadata (7.8 kB)
build-and-deploy	Install dependencies	2026-01-27T18:56:28.1874355Z Collecting certifi>=2017.4.17 (from msrest>=0.7.1->-r backend/requirements.txt (line 6))
build-and-deploy	Install dependencies	2026-01-27T18:56:28.1887554Z   Using cached certifi-2026.1.4-py3-none-any.whl.metadata (2.5 kB)
build-and-deploy	Install dependencies	2026-01-27T18:56:28.2011588Z Collecting requests-oauthlib>=0.5.0 (from msrest>=0.7.1->-r backend/requirements.txt (line 6))
build-and-deploy	Install dependencies	2026-01-27T18:56:28.2047746Z   Downloading requests_oauthlib-2.0.0-py2.py3-none-any.whl.metadata (11 kB)
build-and-deploy	Install dependencies	2026-01-27T18:56:28.2934976Z Collecting charset_normalizer<4,>=2 (from requests>=2.31.0->-r backend/requirements.txt (line 7))
build-and-deploy	Install dependencies	2026-01-27T18:56:28.2948639Z   Using cached charset_normalizer-3.4.4-cp311-cp311-manylinux2014_x86_64.manylinux_2_17_x86_64.manylinux_2_28_x86_64.whl.metadata (37 kB)
build-and-deploy	Install dependencies	2026-01-27T18:56:28.3082516Z Collecting idna<4,>=2.5 (from requests>=2.31.0->-r backend/requirements.txt (line 7))
build-and-deploy	Install dependencies	2026-01-27T18:56:28.3095444Z   Using cached idna-3.11-py3-none-any.whl.metadata (8.4 kB)
build-and-deploy	Install dependencies	2026-01-27T18:56:28.3350257Z Collecting urllib3<3,>=1.21.1 (from requests>=2.31.0->-r backend/requirements.txt (line 7))
build-and-deploy	Install dependencies	2026-01-27T18:56:28.3363211Z   Using cached urllib3-2.6.3-py3-none-any.whl.metadata (6.9 kB)
build-and-deploy	Install dependencies	2026-01-27T18:56:28.3523738Z Collecting six>=1.5 (from python-dateutil>=2.8.2->-r backend/requirements.txt (line 9))
build-and-deploy	Install dependencies	2026-01-27T18:56:28.3578747Z   Downloading six-1.17.0-py2.py3-none-any.whl.metadata (1.7 kB)
build-and-deploy	Install dependencies	2026-01-27T18:56:28.4821403Z Collecting cffi>=2.0.0 (from cryptography>=2.1.4->azure-storage-blob>=12.19.1->-r backend/requirements.txt (line 2))
build-and-deploy	Install dependencies	2026-01-27T18:56:28.4868901Z   Downloading cffi-2.0.0-cp311-cp311-manylinux2014_x86_64.manylinux_2_17_x86_64.whl.metadata (2.6 kB)
build-and-deploy	Install dependencies	2026-01-27T18:56:28.4989811Z Collecting pycparser (from cffi>=2.0.0->cryptography>=2.1.4->azure-storage-blob>=12.19.1->-r backend/requirements.txt (line 2))
build-and-deploy	Install dependencies	2026-01-27T18:56:28.5027558Z   Downloading pycparser-3.0-py3-none-any.whl.metadata (8.2 kB)
build-and-deploy	Install dependencies	2026-01-27T18:56:28.5341972Z Collecting PyJWT<3,>=1.0.0 (from PyJWT[crypto]<3,>=1.0.0->msal>=1.30.0->azure-identity>=1.17.0->-r backend/requirements.txt (line 3))
build-and-deploy	Install dependencies	2026-01-27T18:56:28.5382377Z   Downloading PyJWT-2.10.1-py3-none-any.whl.metadata (4.0 kB)
build-and-deploy	Install dependencies	2026-01-27T18:56:28.6275518Z Collecting oauthlib>=3.0.0 (from requests-oauthlib>=0.5.0->msrest>=0.7.1->-r backend/requirements.txt (line 6))
build-and-deploy	Install dependencies	2026-01-27T18:56:28.6314705Z   Downloading oauthlib-3.3.1-py3-none-any.whl.metadata (7.9 kB)
build-and-deploy	Install dependencies	2026-01-27T18:56:28.6455744Z Downloading azure_functions-1.24.0-py3-none-any.whl (108 kB)
build-and-deploy	Install dependencies	2026-01-27T18:56:28.6523459Z Downloading werkzeug-3.1.5-py3-none-any.whl (225 kB)
build-and-deploy	Install dependencies	2026-01-27T18:56:28.6590520Z Downloading azure_storage_blob-12.28.0-py3-none-any.whl (431 kB)
build-and-deploy	Install dependencies	2026-01-27T18:56:28.6682659Z Downloading azure_identity-1.25.1-py3-none-any.whl (191 kB)
build-and-deploy	Install dependencies	2026-01-27T18:56:28.6747198Z Downloading azure_core-1.38.0-py3-none-any.whl (217 kB)
build-and-deploy	Install dependencies	2026-01-27T18:56:28.6952167Z Downloading azure_ai_vision_imageanalysis-1.0.0-py3-none-any.whl (64 kB)
build-and-deploy	Install dependencies	2026-01-27T18:56:28.7005773Z Downloading msrest-0.7.1-py3-none-any.whl (85 kB)
build-and-deploy	Install dependencies	2026-01-27T18:56:28.7037699Z Using cached requests-2.32.5-py3-none-any.whl (64 kB)
build-and-deploy	Install dependencies	2026-01-27T18:56:28.7052373Z Using cached charset_normalizer-3.4.4-cp311-cp311-manylinux2014_x86_64.manylinux_2_17_x86_64.manylinux_2_28_x86_64.whl (151 kB)
build-and-deploy	Install dependencies	2026-01-27T18:56:28.7066129Z Using cached idna-3.11-py3-none-any.whl (71 kB)
build-and-deploy	Install dependencies	2026-01-27T18:56:28.7079892Z Using cached urllib3-2.6.3-py3-none-any.whl (131 kB)
build-and-deploy	Install dependencies	2026-01-27T18:56:28.7127152Z Downloading pyodbc-5.3.0-cp311-cp311-manylinux2014_x86_64.manylinux_2_17_x86_64.manylinux_2_28_x86_64.whl (332 kB)
build-and-deploy	Install dependencies	2026-01-27T18:56:28.7197167Z Downloading python_dateutil-2.9.0.post0-py2.py3-none-any.whl (229 kB)
build-and-deploy	Install dependencies	2026-01-27T18:56:28.7235441Z Using cached certifi-2026.1.4-py3-none-any.whl (152 kB)
build-and-deploy	Install dependencies	2026-01-27T18:56:28.7278580Z Downloading cryptography-46.0.3-cp311-abi3-manylinux_2_34_x86_64.whl (4.5 MB)
build-and-deploy	Install dependencies	2026-01-27T18:56:28.7475386Z    ‚îÅ‚îÅ‚îÅ‚îÅ‚îÅ‚îÅ‚îÅ‚îÅ‚îÅ‚îÅ‚îÅ‚îÅ‚îÅ‚îÅ‚îÅ‚îÅ‚îÅ‚îÅ‚îÅ‚îÅ‚îÅ‚îÅ‚îÅ‚îÅ‚îÅ‚îÅ‚îÅ‚îÅ‚îÅ‚îÅ‚îÅ‚îÅ‚îÅ‚îÅ‚îÅ‚îÅ‚îÅ‚îÅ‚îÅ‚îÅ 4.5/4.5 MB 248.7 MB/s  0:00:00
build-and-deploy	Install dependencies	2026-01-27T18:56:28.7521379Z Downloading cffi-2.0.0-cp311-cp311-manylinux2014_x86_64.manylinux_2_17_x86_64.whl (215 kB)
build-and-deploy	Install dependencies	2026-01-27T18:56:28.7584337Z Downloading isodate-0.7.2-py3-none-any.whl (22 kB)
build-and-deploy	Install dependencies	2026-01-27T18:56:28.7637203Z Downloading markupsafe-3.0.3-cp311-cp311-manylinux2014_x86_64.manylinux_2_17_x86_64.manylinux_2_28_x86_64.whl (22 kB)
build-and-deploy	Install dependencies	2026-01-27T18:56:28.7696193Z Downloading msal-1.34.0-py3-none-any.whl (116 kB)
build-and-deploy	Install dependencies	2026-01-27T18:56:28.7759055Z Downloading PyJWT-2.10.1-py3-none-any.whl (22 kB)
build-and-deploy	Install dependencies	2026-01-27T18:56:28.7818545Z Downloading msal_extensions-1.3.1-py3-none-any.whl (20 kB)
build-and-deploy	Install dependencies	2026-01-27T18:56:28.7870160Z Downloading requests_oauthlib-2.0.0-py2.py3-none-any.whl (24 kB)
build-and-deploy	Install dependencies	2026-01-27T18:56:28.7924103Z Downloading oauthlib-3.3.1-py3-none-any.whl (160 kB)
build-and-deploy	Install dependencies	2026-01-27T18:56:28.7982106Z Downloading six-1.17.0-py2.py3-none-any.whl (11 kB)
build-and-deploy	Install dependencies	2026-01-27T18:56:28.8034963Z Downloading typing_extensions-4.15.0-py3-none-any.whl (44 kB)
build-and-deploy	Install dependencies	2026-01-27T18:56:28.8091400Z Downloading pycparser-3.0-py3-none-any.whl (48 kB)
build-and-deploy	Install dependencies	2026-01-27T18:56:28.8346167Z Building wheels for collected packages: googlemaps
build-and-deploy	Install dependencies	2026-01-27T18:56:28.8354140Z   Building wheel for googlemaps (pyproject.toml): started
build-and-deploy	Install dependencies	2026-01-27T18:56:29.0389944Z   Building wheel for googlemaps (pyproject.toml): finished with status 'done'
build-and-deploy	Install dependencies	2026-01-27T18:56:29.0395203Z   Created wheel for googlemaps: filename=googlemaps-4.10.0-py3-none-any.whl size=40820 sha256=230e7cf64dd5e3fa2ba2422848c5ce099422bf3da183c5b7c58dee7c46faa470
build-and-deploy	Install dependencies	2026-01-27T18:56:29.0396690Z   Stored in directory: /home/runner/.cache/pip/wheels/f1/09/77/3cc2f5659cbc62341b30f806aca2b25e6a26c351daa5b1f49a
build-and-deploy	Install dependencies	2026-01-27T18:56:29.0417301Z Successfully built googlemaps
build-and-deploy	Install dependencies	2026-01-27T18:56:29.0863604Z Installing collected packages: urllib3, typing-extensions, six, pyodbc, PyJWT, pycparser, oauthlib, markupsafe, isodate, idna, charset_normalizer, certifi, werkzeug, requests, python-dateutil, cffi, requests-oauthlib, googlemaps, cryptography, azure-functions, azure-core, msrest, azure-storage-blob, azure-ai-vision-imageanalysis, msal, msal-extensions, azure-identity
build-and-deploy	Install dependencies	2026-01-27T18:56:30.4971975Z 
build-and-deploy	Install dependencies	2026-01-27T18:56:30.4992542Z Successfully installed PyJWT-2.10.1 azure-ai-vision-imageanalysis-1.0.0 azure-core-1.38.0 azure-functions-1.24.0 azure-identity-1.25.1 azure-storage-blob-12.28.0 certifi-2026.1.4 cffi-2.0.0 charset_normalizer-3.4.4 cryptography-46.0.3 googlemaps-4.10.0 idna-3.11 isodate-0.7.2 markupsafe-3.0.3 msal-1.34.0 msal-extensions-1.3.1 msrest-0.7.1 oauthlib-3.3.1 pycparser-3.0 pyodbc-5.3.0 python-dateutil-2.9.0.post0 requests-2.32.5 requests-oauthlib-2.0.0 six-1.17.0 typing-extensions-4.15.0 urllib3-2.6.3 werkzeug-3.1.5
build-and-deploy	Deploy to Azure Functions	Ôªø2026-01-27T18:56:30.7151241Z ##[group]Run Azure/functions-action@v1
build-and-deploy	Deploy to Azure Functions	2026-01-27T18:56:30.7151715Z with:
build-and-deploy	Deploy to Azure Functions	2026-01-27T18:56:30.7152022Z   app-name: summitos-api
build-and-deploy	Deploy to Azure Functions	2026-01-27T18:56:30.7152395Z   package: backend
build-and-deploy	Deploy to Azure Functions	2026-01-27T18:56:30.7160177Z   publish-profile: ***
build-and-deploy	Deploy to Azure Functions	2026-01-27T18:56:30.7160471Z   scm-do-build-during-deployment: true
build-and-deploy	Deploy to Azure Functions	2026-01-27T18:56:30.7160745Z   enable-oryx-build: true
build-and-deploy	Deploy to Azure Functions	2026-01-27T18:56:30.7160981Z   respect-pom-xml: false
build-and-deploy	Deploy to Azure Functions	2026-01-27T18:56:30.7161209Z   respect-funcignore: false
build-and-deploy	Deploy to Azure Functions	2026-01-27T18:56:30.7161428Z   remote-build: false
build-and-deploy	Deploy to Azure Functions	2026-01-27T18:56:30.7161637Z env:
build-and-deploy	Deploy to Azure Functions	2026-01-27T18:56:30.7161815Z   AZURE_FUNCTIONAPP_NAME: summitos-api
build-and-deploy	Deploy to Azure Functions	2026-01-27T18:56:30.7162086Z   AZURE_FUNCTIONAPP_PACKAGE_PATH: backend
build-and-deploy	Deploy to Azure Functions	2026-01-27T18:56:30.7162339Z   PYTHON_VERSION: 3.11
build-and-deploy	Deploy to Azure Functions	2026-01-27T18:56:30.7162594Z   pythonLocation: /opt/hostedtoolcache/Python/3.11.14/x64
build-and-deploy	Deploy to Azure Functions	2026-01-27T18:56:30.7163012Z   PKG_CONFIG_PATH: /opt/hostedtoolcache/Python/3.11.14/x64/lib/pkgconfig
build-and-deploy	Deploy to Azure Functions	2026-01-27T18:56:30.7163415Z   Python_ROOT_DIR: /opt/hostedtoolcache/Python/3.11.14/x64
build-and-deploy	Deploy to Azure Functions	2026-01-27T18:56:30.7163795Z   Python2_ROOT_DIR: /opt/hostedtoolcache/Python/3.11.14/x64
build-and-deploy	Deploy to Azure Functions	2026-01-27T18:56:30.7164153Z   Python3_ROOT_DIR: /opt/hostedtoolcache/Python/3.11.14/x64
build-and-deploy	Deploy to Azure Functions	2026-01-27T18:56:30.7164517Z   LD_LIBRARY_PATH: /opt/hostedtoolcache/Python/3.11.14/x64/lib
build-and-deploy	Deploy to Azure Functions	2026-01-27T18:56:30.7164812Z ##[endgroup]
build-and-deploy	Deploy to Azure Functions	2026-01-27T18:56:31.0578474Z Successfully parsed SCM credential from publish-profile format.
build-and-deploy	Deploy to Azure Functions	2026-01-27T18:56:31.0588020Z Using SCM credential for authentication, GitHub Action will not perform resource validation.
build-and-deploy	Deploy to Azure Functions	2026-01-27T18:56:31.2487555Z Successfully acquired app settings from function app (with SCM credential)!
build-and-deploy	Deploy to Azure Functions	2026-01-27T18:56:31.2495562Z Will archive backend into /home/runner/work/_temp/temp_web_package_1517177164540886.zip as function app content
build-and-deploy	Deploy to Azure Functions	2026-01-27T18:56:31.3986251Z Will use Kudu https://<scmsite>/api/zipdeploy to deploy since publish-profile is detected.
build-and-deploy	Deploy to Azure Functions	2026-01-27T18:56:31.4381458Z Setting SCM_DO_BUILD_DURING_DEPLOYMENT in Kudu container to true
build-and-deploy	Deploy to Azure Functions	2026-01-27T18:56:31.4382285Z Update using context.kuduService.updateAppSettingViaKudu
build-and-deploy	Deploy to Azure Functions	2026-01-27T18:56:31.4797034Z Response with status code 204
build-and-deploy	Deploy to Azure Functions	2026-01-27T18:56:36.6132305Z App setting SCM_DO_BUILD_DURING_DEPLOYMENT propagated to Kudu container
build-and-deploy	Deploy to Azure Functions	2026-01-27T18:56:36.6133261Z Setting ENABLE_ORYX_BUILD in Kudu container to true
build-and-deploy	Deploy to Azure Functions	2026-01-27T18:56:36.6134078Z Update using context.kuduService.updateAppSettingViaKudu
build-and-deploy	Deploy to Azure Functions	2026-01-27T18:56:36.6533065Z Response with status code 204
build-and-deploy	Deploy to Azure Functions	2026-01-27T18:56:41.7821999Z App setting ENABLE_ORYX_BUILD propagated to Kudu container
build-and-deploy	Deploy to Azure Functions	2026-01-27T18:56:41.7823598Z Package deployment using ZIP Deploy initiated.
build-and-deploy	Deploy to Azure Functions	2026-01-27T18:56:41.8571344Z ##[error]Failed to deploy web package to App Service.
build-and-deploy	Deploy to Azure Functions	2026-01-27T18:56:41.8582695Z ##[error]Execution Exception (state: PublishContent) (step: Invocation)
build-and-deploy	Deploy to Azure Functions	2026-01-27T18:56:41.8585910Z ##[error]  When request Azure resource at PublishContent, zipDeploy : Failed to use /home/runner/work/_temp/temp_web_package_1517177164540886.zip as ZipDeploy content
build-and-deploy	Deploy to Azure Functions	2026-01-27T18:56:41.8588887Z ##[error]    Failed to deploy web package to App Service.
build-and-deploy	Deploy to Azure Functions	Bad Request (CODE: 400)
build-and-deploy	Deploy to Azure Functions	2026-01-27T18:56:41.8595829Z ##[error]      Error: Failed to deploy web package to App Service.
build-and-deploy	Deploy to Azure Functions	Bad Request (CODE: 400)
build-and-deploy	Deploy to Azure Functions	    at Kudu.<anonymous> (/home/runner/work/_actions/Azure/functions-action/v1/lib/appservice-rest/Kudu/azure-app-kudu-service.js:238:41)
build-and-deploy	Deploy to Azure Functions	    at Generator.next (<anonymous>)
build-and-deploy	Deploy to Azure Functions	    at fulfilled (/home/runner/work/_actions/Azure/functions-action/v1/lib/appservice-rest/Kudu/azure-app-kudu-service.js:5:58)
build-and-deploy	Deploy to Azure Functions	    at process.processTicksAndRejections (node:internal/process/task_queues:95:5)
build-and-deploy	Deploy to Azure Functions	2026-01-27T18:56:41.8600045Z ##[error]Deployment Failed!
build-and-deploy	Post Checkout repository	Ôªø2026-01-27T18:56:41.8744343Z Post job cleanup.
build-and-deploy	Post Checkout repository	2026-01-27T18:56:41.9672198Z [command]/usr/bin/git version
build-and-deploy	Post Checkout repository	2026-01-27T18:56:41.9706738Z git version 2.52.0
build-and-deploy	Post Checkout repository	2026-01-27T18:56:41.9749916Z Temporarily overriding HOME='/home/runner/work/_temp/73b24a43-d038-4433-8318-0b9de7f5cb95' before making global git config changes
build-and-deploy	Post Checkout repository	2026-01-27T18:56:41.9751334Z Adding repository directory to the temporary git global config as a safe directory
build-and-deploy	Post Checkout repository	2026-01-27T18:56:41.9756488Z [command]/usr/bin/git config --global --add safe.directory /home/runner/work/Summit-OS-Web/Summit-OS-Web
build-and-deploy	Post Checkout repository	2026-01-27T18:56:41.9792498Z [command]/usr/bin/git config --local --name-only --get-regexp core\.sshCommand
build-and-deploy	Post Checkout repository	2026-01-27T18:56:41.9824772Z [command]/usr/bin/git submodule foreach --recursive sh -c "git config --local --name-only --get-regexp 'core\.sshCommand' && git config --local --unset-all 'core.sshCommand' || :"
build-and-deploy	Post Checkout repository	2026-01-27T18:56:42.0053184Z [command]/usr/bin/git config --local --name-only --get-regexp http\.https\:\/\/github\.com\/\.extraheader
build-and-deploy	Post Checkout repository	2026-01-27T18:56:42.0073207Z http.https://github.com/.extraheader
build-and-deploy	Post Checkout repository	2026-01-27T18:56:42.0086272Z [command]/usr/bin/git config --local --unset-all http.https://github.com/.extraheader
build-and-deploy	Post Checkout repository	2026-01-27T18:56:42.0117278Z [command]/usr/bin/git submodule foreach --recursive sh -c "git config --local --name-only --get-regexp 'http\.https\:\/\/github\.com\/\.extraheader' && git config --local --unset-all 'http.https://github.com/.extraheader' || :"
build-and-deploy	Post Checkout repository	2026-01-27T18:56:42.0337286Z [command]/usr/bin/git config --local --name-only --get-regexp ^includeIf\.gitdir:
build-and-deploy	Post Checkout repository	2026-01-27T18:56:42.0368244Z [command]/usr/bin/git submodule foreach --recursive git config --local --show-origin --name-only --get-regexp remote.origin.url
build-and-deploy	Complete job	Ôªø2026-01-27T18:56:42.0704527Z Cleaning up orphan processes
